<?xml version="1.0" encoding="utf-8" ?>
<result>
	<row>
		<idSite>1</idSite>
		<idVisit>2</idVisit>
		<visitIp>156.5.3.2</visitIp>
		
		<actionDetails>
			<row>
				<type>goal</type>
				<goalName>matching purchase.htm</goalName>
				<goalId>2</goalId>
				<revenue>1</revenue>
				<goalPageId>9</goalPageId>
				
				<url>http://example.org/store/purchase.htm</url>
				<icon>plugins/Morpheus/images/goal.png</icon>
				
			</row>
			<row>
				<type>action</type>
				<url>http://example.org/store/purchase.htm</url>
				<pageTitle>Checkout/Purchasing...</pageTitle>
				<pageIdAction>13</pageIdAction>
				
				<pageId>9</pageId>
				<generationTimeMilliseconds>134</generationTimeMilliseconds>
				<generationTime>0.13s</generationTime>
				<interactionPosition>1</interactionPosition>
				<icon />
				
			</row>
		</actionDetails>
		<goalConversions>1</goalConversions>
		<siteCurrency>USD</siteCurrency>
		<siteCurrencySymbol>$</siteCurrencySymbol>
		
		
		
		
		<userId />
		<visitorType>returning</visitorType>
		<visitorTypeIcon>plugins/Live/images/returningVisitor.png</visitorTypeIcon>
		<visitConverted>1</visitConverted>
		<visitConvertedIcon>plugins/Morpheus/images/goal.png</visitConvertedIcon>
		<visitCount>2</visitCount>
		
		<visitEcommerceStatus>none</visitEcommerceStatus>
		<visitEcommerceStatusIcon />
		<daysSinceFirstVisit>0</daysSinceFirstVisit>
		<daysSinceLastEcommerceOrder>0</daysSinceLastEcommerceOrder>
		<visitDuration>0</visitDuration>
		<visitDurationPretty>0s</visitDurationPretty>
		<searches>0</searches>
		<actions>1</actions>
		<interactions>1</interactions>
		<referrerType>search</referrerType>
		<referrerTypeName>Search Engines</referrerTypeName>
		<referrerName>Yahoo!</referrerName>
		<referrerKeyword>purchase</referrerKeyword>
		<referrerKeywordPosition />
		<referrerUrl>http://search.yahoo.com/search?p=purchase</referrerUrl>
		<referrerSearchEngineUrl>http://search.yahoo.com</referrerSearchEngineUrl>
		<referrerSearchEngineIcon>plugins/Referrers/images/searchEngines/search.yahoo.com.png</referrerSearchEngineIcon>
		<languageCode>fr</languageCode>
		<language>French</language>
		<deviceType>Desktop</deviceType>
		<deviceTypeIcon>plugins/DevicesDetection/images/screens/normal.png</deviceTypeIcon>
		<deviceBrand>Unknown</deviceBrand>
		<deviceModel />
		<operatingSystem>Windows XP</operatingSystem>
		<operatingSystemName>Windows</operatingSystemName>
		<operatingSystemIcon>plugins/DevicesDetection/images/os/WIN.png</operatingSystemIcon>
		<operatingSystemCode>WIN</operatingSystemCode>
		<operatingSystemVersion>XP</operatingSystemVersion>
		<browserFamily>Gecko</browserFamily>
		<browserFamilyDescription>Gecko (Firefox)</browserFamilyDescription>
		<browser>Firefox 3.6</browser>
		<browserName>Firefox</browserName>
		<browserIcon>plugins/DevicesDetection/images/browsers/FF.png</browserIcon>
		<browserCode>FF</browserCode>
		<browserVersion>3.6</browserVersion>
		<events>0</events>
		<continent>Europe</continent>
		<continentCode>eur</continentCode>
		<country>France</country>
		<countryCode>fr</countryCode>
		<countryFlag>plugins/UserCountry/images/flags/fr.png</countryFlag>
		<region />
		<regionCode />
		<city />
		<location>France</location>
		<latitude />
		<longitude />
		<visitLocalTime>12:34:06</visitLocalTime>
		<visitLocalHour>12</visitLocalHour>
		<daysSinceLastVisit>0</daysSinceLastVisit>
		<customVariables>
		</customVariables>
		<resolution>1024x768</resolution>
		<plugins>flash, java</plugins>
		<pluginsIcons>
			<row>
				<pluginIcon>plugins/DevicePlugins/images/plugins/flash.png</pluginIcon>
				<pluginName>flash</pluginName>
			</row>
			<row>
				<pluginIcon>plugins/DevicePlugins/images/plugins/java.png</pluginIcon>
				<pluginName>java</pluginName>
			</row>
		</pluginsIcons>
		
		
		
		
		
		<totalEcommerceRevenue>0.00</totalEcommerceRevenue>
		<totalEcommerceConversions>0</totalEcommerceConversions>
		<totalEcommerceItems>0</totalEcommerceItems>
		<totalAbandonedCartsRevenue>0.00</totalAbandonedCartsRevenue>
		<totalAbandonedCarts>0</totalAbandonedCarts>
		<totalAbandonedCartsItems>0</totalAbandonedCartsItems>
	</row>
	<row>
		<idSite>1</idSite>
		<idVisit>1</idVisit>
		<visitIp>156.5.3.2</visitIp>
		
		<actionDetails>
			<row>
				<type>action</type>
				<url>http://example.org/index.htm?parameter=Should display</url>
				<pageTitle>incredible title!</pageTitle>
				<pageIdAction>2</pageIdAction>
				
				<pageId>1</pageId>
				<generationTimeMilliseconds>234</generationTimeMilliseconds>
				<generationTime>0.23s</generationTime>
				<interactionPosition>1</interactionPosition>
				<timeSpent>180</timeSpent>
				<timeSpentPretty>3 min 0s</timeSpentPretty>
				<icon />
				
			</row>
			<row>
				<type>action</type>
				<url>http://example.org/</url>
				<pageTitle>Second page view - should be registered as URL</pageTitle>
				<pageIdAction>4</pageIdAction>
				
				<pageId>2</pageId>
				<generationTimeMilliseconds>224</generationTimeMilliseconds>
				<generationTime>0.22s</generationTime>
				<interactionPosition>2</interactionPosition>
				<timeSpent>180</timeSpent>
				<timeSpentPretty>3 min 0s</timeSpentPretty>
				<icon />
				
			</row>
			<row>
				<type>outlink</type>
				<url>https://outlinks.org/#!outlink-with-fragment-&lt;script&gt;</url>
				<pageTitle />
				<pageIdAction>5</pageIdAction>
				
				<pageId>3</pageId>
				<interactionPosition />
				<timeSpent>360</timeSpent>
				<timeSpentPretty>6 min 0s</timeSpentPretty>
				<icon>plugins/Morpheus/images/link.png</icon>
				
			</row>
			<row>
				<type>download</type>
				<url>http://piwik.org/path/again/latest.zip</url>
				<pageTitle />
				<pageIdAction>6</pageIdAction>
				
				<pageId>4</pageId>
				<interactionPosition />
				<timeSpent>72</timeSpent>
				<timeSpentPretty>1 min 12s</timeSpentPretty>
				<icon>plugins/Morpheus/images/download.png</icon>
				
			</row>
			<row>
				<type>outlink</type>
				<url>http://outlinks.org/other_outlink#fragment&amp;pk_campaign=Open%20partnership</url>
				<pageTitle />
				<pageIdAction>7</pageIdAction>
				
				<pageId>5</pageId>
				<interactionPosition />
				<timeSpent>108</timeSpent>
				<timeSpentPretty>1 min 48s</timeSpentPretty>
				<icon>plugins/Morpheus/images/link.png</icon>
				
			</row>
			<row>
				<type>outlink</type>
				<url>http://dev.piwik.org/svn</url>
				<pageTitle />
				<pageIdAction>8</pageIdAction>
				
				<pageId>6</pageId>
				<interactionPosition />
				<timeSpent>72</timeSpent>
				<timeSpentPretty>1 min 12s</timeSpentPretty>
				<icon>plugins/Morpheus/images/link.png</icon>
				
			</row>
			<row>
				<type>goal</type>
				<goalName>triggered js</goalName>
				<goalId>1</goalId>
				<revenue>42</revenue>
				<goalPageId />
				
				<url>http://example.org/</url>
				<icon>plugins/Morpheus/images/goal.png</icon>
				
			</row>
			<row>
				<type>search</type>
				<url />
				<pageIdAction />
				
				<pageId>7</pageId>
				<siteSearchKeyword>Banks Own The World</siteSearchKeyword>
				<generationTimeMilliseconds>812</generationTimeMilliseconds>
				<generationTime>0.81s</generationTime>
				<interactionPosition>3</interactionPosition>
				<timeSpent>108</timeSpent>
				<timeSpentPretty>1 min 48s</timeSpentPretty>
				<icon>plugins/Morpheus/images/search_ico.png</icon>
				
			</row>
			<row>
				<type>action</type>
				<url>http://example.org/index.htm</url>
				<pageTitle>Looking at homepage after site search...</pageTitle>
				<pageIdAction>11</pageIdAction>
				
				<pageId>8</pageId>
				<generationTimeMilliseconds>24</generationTimeMilliseconds>
				<generationTime>0.02s</generationTime>
				<interactionPosition>4</interactionPosition>
				<icon />
				
			</row>
		</actionDetails>
		<goalConversions>1</goalConversions>
		<siteCurrency>USD</siteCurrency>
		<siteCurrencySymbol>$</siteCurrencySymbol>
		
		
		
		
		<userId />
		<visitorType>new</visitorType>
		<visitorTypeIcon />
		<visitConverted>1</visitConverted>
		<visitConvertedIcon>plugins/Morpheus/images/goal.png</visitConvertedIcon>
		<visitCount>1</visitCount>
		
		<visitEcommerceStatus>none</visitEcommerceStatus>
		<visitEcommerceStatusIcon />
		<daysSinceFirstVisit>0</daysSinceFirstVisit>
		<daysSinceLastEcommerceOrder>0</daysSinceLastEcommerceOrder>
		<visitDuration>1621</visitDuration>
		<visitDurationPretty>27 min 1s</visitDurationPretty>
		<searches>1</searches>
		<actions>8</actions>
		<interactions>4</interactions>
		<referrerType>website</referrerType>
		<referrerTypeName>Websites</referrerTypeName>
		<referrerName>referrer.com</referrerName>
		<referrerKeyword />
		<referrerKeywordPosition />
		<referrerUrl>http://referrer.com/page.htm?param=valuewith some spaces</referrerUrl>
		<referrerSearchEngineUrl />
		<referrerSearchEngineIcon />
		<languageCode>fr</languageCode>
		<language>French</language>
		<deviceType>Desktop</deviceType>
		<deviceTypeIcon>plugins/DevicesDetection/images/screens/normal.png</deviceTypeIcon>
		<deviceBrand>Unknown</deviceBrand>
		<deviceModel />
		<operatingSystem>Windows XP</operatingSystem>
		<operatingSystemName>Windows</operatingSystemName>
		<operatingSystemIcon>plugins/DevicesDetection/images/os/WIN.png</operatingSystemIcon>
		<operatingSystemCode>WIN</operatingSystemCode>
		<operatingSystemVersion>XP</operatingSystemVersion>
		<browserFamily>Gecko</browserFamily>
		<browserFamilyDescription>Gecko (Firefox)</browserFamilyDescription>
		<browser>Firefox 3.6</browser>
		<browserName>Firefox</browserName>
		<browserIcon>plugins/DevicesDetection/images/browsers/FF.png</browserIcon>
		<browserCode>FF</browserCode>
		<browserVersion>3.6</browserVersion>
		<events>0</events>
		<continent>Europe</continent>
		<continentCode>eur</continentCode>
		<country>France</country>
		<countryCode>fr</countryCode>
		<countryFlag>plugins/UserCountry/images/flags/fr.png</countryFlag>
		<region />
		<regionCode />
		<city />
		<location>France</location>
		<latitude />
		<longitude />
		<visitLocalTime>12:34:06</visitLocalTime>
		<visitLocalHour>12</visitLocalHour>
		<daysSinceLastVisit>0</daysSinceLastVisit>
		<customVariables>
		</customVariables>
		<resolution>1024x768</resolution>
		<plugins>flash, java</plugins>
		<pluginsIcons>
			<row>
				<pluginIcon>plugins/DevicePlugins/images/plugins/flash.png</pluginIcon>
				<pluginName>flash</pluginName>
			</row>
			<row>
				<pluginIcon>plugins/DevicePlugins/images/plugins/java.png</pluginIcon>
				<pluginName>java</pluginName>
			</row>
		</pluginsIcons>
		
		
		
		
		
		<totalEcommerceRevenue>0.00</totalEcommerceRevenue>
		<totalEcommerceConversions>0</totalEcommerceConversions>
		<totalEcommerceItems>0</totalEcommerceItems>
		<totalAbandonedCartsRevenue>0.00</totalAbandonedCartsRevenue>
		<totalAbandonedCarts>0</totalAbandonedCarts>
		<totalAbandonedCartsItems>0</totalAbandonedCartsItems>
	</row>
</result>